"","x"
"1","ENSBTAG00000047107"
"2","ENSBTAG00000016683"
"3","ENSBTAG00000016085"
"4","ENSBTAG00000021377"
"5","ENSBTAG00000019872"
"6","ENSBTAG00000006240"
"7","ENSBTAG00000015271"
